  Determining projects to restore...
  All projects are up-to-date for restore.
C:\Program Files\dotnet\packs\Microsoft.Android.Sdk.Windows\35.0.105\tools\Xamarin.Android.Tooling.targets(92,5): error XA5207: Could not find android.jar for API level 35. This means the Android SDK platform for API level 35 is not installed; it was expected to be in `D:\BSIT3rd\AndroidSDK\platforms\android-35\android.jar`. [D:\MAUI_BLAZOR_IT13\MarFin_Final\MarFin_Final\MarFin_Final.csproj::TargetFramework=net9.0-android]
C:\Program Files\dotnet\packs\Microsoft.Android.Sdk.Windows\35.0.105\tools\Xamarin.Android.Tooling.targets(92,5): error XA5207: You can install the missing API level by running `dotnet build -t:InstallAndroidDependencies -f net9.0-android "-p:AndroidSdkDirectory=D:\BSIT3rd\AndroidSDK"`, or change the project to target an API version that is installed. [D:\MAUI_BLAZOR_IT13\MarFin_Final\MarFin_Final\MarFin_Final.csproj::TargetFramework=net9.0-android]
C:\Program Files\dotnet\packs\Microsoft.Android.Sdk.Windows\35.0.105\tools\Xamarin.Android.Tooling.targets(92,5): error XA5207: See https://aka.ms/xa5207 for more details. [D:\MAUI_BLAZOR_IT13\MarFin_Final\MarFin_Final\MarFin_Final.csproj::TargetFramework=net9.0-android]
  MarFin_Final -> D:\MAUI_BLAZOR_IT13\MarFin_Final\MarFin_Final\bin\Debug\net9.0-ios\iossimulator-x64\MarFin_Final.dll
  MarFin_Final -> D:\MAUI_BLAZOR_IT13\MarFin_Final\MarFin_Final\bin\Debug\net9.0-maccatalyst\maccatalyst-x64\MarFin_Final.dll
  MarFin_Final -> D:\MAUI_BLAZOR_IT13\MarFin_Final\MarFin_Final\bin\Debug\net9.0-windows10.0.19041.0\win10-x64\MarFin_Final.dll

Build FAILED.

C:\Program Files\dotnet\packs\Microsoft.Android.Sdk.Windows\35.0.105\tools\Xamarin.Android.Tooling.targets(92,5): error XA5207: Could not find android.jar for API level 35. This means the Android SDK platform for API level 35 is not installed; it was expected to be in `D:\BSIT3rd\AndroidSDK\platforms\android-35\android.jar`. [D:\MAUI_BLAZOR_IT13\MarFin_Final\MarFin_Final\MarFin_Final.csproj::TargetFramework=net9.0-android]
C:\Program Files\dotnet\packs\Microsoft.Android.Sdk.Windows\35.0.105\tools\Xamarin.Android.Tooling.targets(92,5): error XA5207: You can install the missing API level by running `dotnet build -t:InstallAndroidDependencies -f net9.0-android "-p:AndroidSdkDirectory=D:\BSIT3rd\AndroidSDK"`, or change the project to target an API version that is installed. [D:\MAUI_BLAZOR_IT13\MarFin_Final\MarFin_Final\MarFin_Final.csproj::TargetFramework=net9.0-android]
C:\Program Files\dotnet\packs\Microsoft.Android.Sdk.Windows\35.0.105\tools\Xamarin.Android.Tooling.targets(92,5): error XA5207: See https://aka.ms/xa5207 for more details. [D:\MAUI_BLAZOR_IT13\MarFin_Final\MarFin_Final\MarFin_Final.csproj::TargetFramework=net9.0-android]
    0 Warning(s)
    1 Error(s)

Time Elapsed 00:00:06.34
